
> vite_react_shadcn_ts@0.0.0 build
> vite build

[36mvite v5.4.19 [32mbuilding for production...[36m[39m
transforming...
npm : Browserslist: 
browsers data 
(caniuse-lite) is 10 
months old. Please run:
At line:1 char:1
+ npm run build > 
build_output.txt 2>&1; 
Get-Content 
build_output.txt
+ ~~~~~~~~~~~~~~~~~~~~~~~~
~~~~~~~~~~~~~
    + CategoryInfo        
      : NotSpecified: (B  
  rowserslist: b...ld.    
 Please run::String) [    
], RemoteException
    + FullyQualifiedError 
   Id : NativeCommandErr  
  or
 
  npx update-browserslist-
db@latest
  Why you should do it 
regularly: https://github.
com/browserslist/update-db
#readme
[32mΓ£ô[39m 1724 modules transformed.
rendering chunks...
computing gzip size...
[2mdist/[22m[32mindex.html                 [39m[1m[2m  1.21 kB[22m[1m[22m[2m Γöé gzip:   0.47 kB[22m
[2mdist/[22m[35massets/index-Bk6nL0qD.css  [39m[1m[2m 66.35 kB[22m[1m[22m[2m Γöé gzip:  11.89 kB[22m
[2mdist/[22m[36massets/index-sSss_Kt-.js   [39m[1m[33m572.86 kB[39m[22m[2m Γöé gzip: 168.70 kB[22m
[33m
(!) Some chunks are 
larger than 500 kB after 
minification. Consider:
- Using dynamic import() 
to code-split the 
application
- Use build.rollupOptions.
output.manualChunks to 
improve chunking: https://
rollupjs.org/configuration
-options/#output-manualchu
nks
- Adjust chunk size limit 
for this warning via build
.chunkSizeWarningLimit.[3
9m
[32mΓ£ô built in 5.40s[39m
